// Jest Snapshot v1, https://goo.gl/fbAQLP

exports[`renders a hello world message 1`] = `
<div>
  <div>
    <h1>
      Hello World!
    </h1>
  </div>
</div>
`;
